C51 COMPILER V9.60.7.0   ARI_OP                                                            09/26/2023 14:38:03 PAGE 1   


C51 COMPILER V9.60.7.0, COMPILATION OF MODULE ARI_OP
OBJECT MODULE PLACED IN .\Objects\ARI_OP.obj
COMPILER INVOKED BY: C:\Keil_v5\C51\BIN\C51.EXE ARI_OP.C OPTIMIZE(8,SPEED) BROWSE DEBUG OBJECTEXTEND PRINT(.\Listings\AR
                    -I_OP.lst) TABS(2) OBJECT(.\Objects\ARI_OP.obj)

line level    source

   1          #include <regx51.h>
   2          
   3          void main(void)
   4          {
   5   1          unsigned char a[10], sum = 0, i;
   6   1      
   7   1          // Initialize port P1 as an input port
   8   1          P1 = 0xFF;
   9   1      
  10   1          for (i = 0; i < 10; i++) // Changed the loop initialization and condition
  11   1          {
  12   2              a[i] = P1;
  13   2              sum = sum + a[i];
  14   2          }
  15   1      
  16   1          P3 = sum; // Output the sum to port P3
  17   1      }


MODULE INFORMATION:   STATIC OVERLAYABLE
   CODE SIZE        =     26    ----
   CONSTANT SIZE    =   ----    ----
   XDATA SIZE       =   ----    ----
   PDATA SIZE       =   ----    ----
   DATA SIZE        =   ----      10
   IDATA SIZE       =   ----    ----
   BIT SIZE         =   ----    ----
END OF MODULE INFORMATION.


C51 COMPILATION COMPLETE.  0 WARNING(S),  0 ERROR(S)
